rpc_init_client: instance 0, addr ::1, port 6000
rpc_find: instance 0, add2
rpc_find: instance 0, returned handle for function add2
rpc_call: instance 0, calling add2, with arguments 1 1...
rpc_call: instance 0, call of add2 received result 2
rpc_close_client: instance 0
