rpc_init_server: instance 0, port 6001
rpc_register: instance 0, add2 (handler) as add2
rpc_serve_all: instance 0
handler add2_i8: arguments 127 and 127
handler add2_i8: arguments -127 and -127
